⏳ Starting midnight backup sequence for data up to 2026-09-21...
fatal: detected dubious ownership in repository at '/mnt/usb_data/radio_astronomy/muon'
To add an exception for this directory, call:

	git config --global --add safe.directory /mnt/usb_data/radio_astronomy/muon
ℹ️ Local commit saved successfully. (GitHub remote URL not linked yet).
⏳ Starting midnight backup sequence for data up to 2026-09-22...
[main d44ede6] Auto daily dataset synchronization: 2026-09-22
 26 files changed, 25 insertions(+)
 create mode 100644 data/2026/09/22/artefacts_1790075855.png
 create mode 100644 data/2026/09/22/artefacts_1790079963.png
 create mode 100644 data/2026/09/22/artefacts_1790081928.png
 create mode 100644 data/2026/09/22/artefacts_1790087117.png
 create mode 100644 data/2026/09/22/artefacts_1790090019.png
 create mode 100644 data/2026/09/22/artefacts_1790093536.png
 create mode 100644 data/2026/09/22/tracks_1790088184.png
 create mode 100644 data/2026/09/22/tracks_1790096849.png
 create mode 100644 data/2026/09/22/worms_1790094692.png
 create mode 100644 data/2026/09/22/worms_1790095600.png
 create mode 100644 data/2026/09/22/worms_1790098922.png
 create mode 100644 data/2026/09/23/artefacts_1790102161.png
 create mode 100644 data/2026/09/23/artefacts_1790105069.png
 create mode 100644 data/2026/09/23/artefacts_1790106197.png
 create mode 100644 data/2026/09/23/artefacts_1790110484.png
 create mode 100644 data/2026/09/23/artefacts_1790111852.png
 create mode 100644 data/2026/09/23/artefacts_1790117358.png
 create mode 100644 data/2026/09/23/muon_log.csv
 create mode 100644 data/2026/09/23/worms_1790104341.png
 create mode 100644 data/2026/09/23/worms_1790104770.png
 create mode 100644 data/2026/09/23/worms_1790104833.png
 create mode 100644 data/2026/09/23/worms_1790111864.png
 create mode 100644 data/2026/09/23/worms_1790115113.png
Warning: Permanently added 'github.com' (ED25519) to the list of known hosts.
To github.com:bkb3/muon-observatory.git
 ! [rejected]        main -> main (fetch first)
error: failed to push some refs to 'github.com:bkb3/muon-observatory.git'
hint: Updates were rejected because the remote contains work that you do not
hint: have locally. This is usually caused by another repository pushing to
hint: the same ref. If you want to integrate the remote changes, use
hint: 'git pull' before pushing again.
hint: See the 'Note about fast-forwards' in 'git push --help' for details.
✅ Successfully pushed to GitHub remote.
⏳ Starting midnight backup sequence for data up to 2026-09-22...
[main 0ebd709] Auto daily dataset synchronization: 2026-09-22
 2 files changed, 1 insertion(+)
 create mode 100644 data/2026/09/23/worms_1790123019.png
⏳ Starting midnight backup sequence for data up to 2026-09-22...
[main 488ddac] Auto daily dataset synchronization: 2026-09-22
 3 files changed, 47 insertions(+), 3 deletions(-)
 create mode 100644 sync.log
⏳ [2026-09-23 07:06:00] Starting midnight backup sequence for data up to 2026-09-22...
